[tl-centre.ge/index.html]
[backblue.gif]
[fade.gif]
[index.html]
[tl-centre.ge/img/icons/logo.ico]
[tl-centre.ge/img/logo-fb-share.jpg]
[tl-centre.ge/css/header2e29.css]
[tl-centre.ge/css/geo2e29.css]
[tl-centre.ge/css/screen2e29.css]
[tl-centre.ge/js/script.js]
[code.jquery.com/jquery-1.9.1.min.js]
[tl-centre.ge/css/menu.css]
[pro.fontawesome.com/releases/v6.0.0-beta2/css/all.css]
[maxcdn.bootstrapcdn.com/font-awesome/4.2.0/css/font-awesome.min.css]
[connect.facebook.net/en_US/fbevents.js]
[tl-centre.ge/css/main2e29.css]
[tl-centre.ge/img/logo2e29.png]
[tl-centre.ge/img/courses/1629751038.jpg]
[tl-centre.ge/img/courses/1621347403.jpg]
[tl-centre.ge/img/courses/1621193117.jpg]
[tl-centre.ge/img/wave-sec-3.svg]
[tl-centre.ge/Courses/გერმანული-ენა-ზრდასრულთათვის/index.html]
[tl-centre.ge/img/yellow-poly.png]
[tl-centre.ge/img/dot-grid-sec-2.svg]
[tl-centre.ge/img/blog/161236940912.jpg]
[tl-centre.ge/img/blog/star_3.png]
[tl-centre.ge/Courses/გერმანული-ენის-კურსები-სკოლის-მოსწავლეებისათვის/index.html]
[tl-centre.ge/img/blog/161367099212.jpg]
[tl-centre.ge/img/blog/161367076012.jpg]
[tl-centre.ge/Courses/ინგლისურის-შესწავლა-ონლაინ/index.html]
[tl-centre.ge/index.html]
[tl-centre.ge/Courses/ინგლისური-აბიტურიენტებისათვის/index.html]
[connect.facebook.net/en_US/sdk/xfbml.customerchat.js]
[tl-centre.ge/Courses/IELTS-sagamocdo-cursi/index.html]
[tl-centre.ge/News/index.html]
[tl-centre.ge/Courses/momzadeba-FCE-gamocdistvis/index.html]
[tl-centre.ge/img/icons/menu.png]
[tl-centre.ge/about/index.html]
[tl-centre.ge/contacts/index.html]
[tl-centre.ge/img/icons/spinner-tide.gif]
[tl-centre.ge/img/contact_image.jpg]
[tl-centre.ge/img/call.png]
[tl-centre.ge/test/index.html]
[tl-centre.ge/img/mail.png]
[tl-centre.ge/img/adress.png]
[tl-centre.ge/img/logo.png]
[tl-centre.ge/css/header2e29.css]
[tl-centre.ge/all-Courses/index.html]
[tl-centre.ge/fonts/ar-archy-semibold.ttf]
[tl-centre.ge/fonts/ar-archy-thin.ttf]
[tl-centre.ge/news-info/inglisuri-enis-kursebi/index.html]
[tl-centre.ge/fonts/dejavusans-webfont.woff2]
[tl-centre.ge/fonts/dejavusans-webfont.woff]
[tl-centre.ge/news-info/სწავლა-საზღვარგარეთ/index.html]
[tl-centre.ge/fonts/dejavusans-extralight-webfont.woff2]
[tl-centre.ge/fonts/dejavusans-extralight-webfont.woff]
[tl-centre.ge/fonts/dejavusans-bold-webfont.woff2]
[tl-centre.ge/fonts/dejavusans-bold-webfont.woff]
[tl-centre.ge/fonts/bpg_nino_medium_caps-webfont.woff2]
[tl-centre.ge/news-info/ინგლისური-ენის-ცენტრი/index.html]
[tl-centre.ge/fonts/bpg_nino_medium_caps-webfont.woff]
[tl-centre.ge/fonts/markgeoregular.woff2]
[tl-centre.ge/fonts/calibri regular.ttf]
[tl-centre.ge/css/geo2e29.css]
[tl-centre.ge/css/screen2e29.css]
[tl-centre.ge/css/menu.css]
[tl-centre.ge/fonts/TBCContracticaCAPS-Bold.ttf]
[pro.fontawesome.com/releases/v6.0.0-beta2/css/all.css]
[maxcdn.bootstrapcdn.com/font-awesome/4.2.0/css/font-awesome.min.css]
[tl-centre.ge/c]
[tl-centre.ge/b]
[tl-centre.ge/POST]
[connect.facebook.net/en_US/fbevents.js]
[tl-centre.ge/img/3f4.jpg]
[tl-centre.ge/img/baner/Course_booking_image.jpg]
[tl-centre.ge/img/hero.jpg]
[tl-centre.ge/img/home_image.jpg]
[tl-centre.ge/img/icons/awea.png]
[tl-centre.ge/css/main2e29.css]
[tl-centre.ge/img/courses/1629750924.jpg]
[tl-centre.ge/tl-centre/Courses/გერმანული-ენა-ზრდასრულთათვის/index.html]
[tl-centre.ge/css/header84cf.css]
[tl-centre.ge/css/geo84cf.css]
[tl-centre.ge/css/screen84cf.css]
[www.google.com/recaptcha/api.js]
[tl-centre.ge/css/Courses84cf.css]
[tl-centre.ge/img/logo84cf.png]
[tl-centre.ge/img/baground/160536110212.jpg]
[tl-centre.ge/img/courses/IELTS-sagamocdo-cursi.jpg]
[tl-centre.ge/Courses/გერმანული-ენა-ზრდასრულთათვის/index.html]
[tl-centre.ge/css/header4236.css]
[tl-centre.ge/css/geo4236.css]
[tl-centre.ge/tl-centre/Courses/გერმანული-ენის-კურსები-სკოლის-მოსწავლეებისათვის/index.html]
[tl-centre.ge/css/screen4236.css]
[tl-centre.ge/css/Courses4236.css]
[tl-centre.ge/img/logo4236.png]
[tl-centre.ge/img/courses/1607795056.jpg]
[tl-centre.ge/Courses/გერმანული-ენის-კურსები-სკოლის-მოსწავლეებისათვის/index.html]
[tl-centre.ge/Courses/ინგლისურის-შესწავლა-ონლაინ/index.html]
[tl-centre.ge/Courses/ინგლისური-აბიტურიენტებისათვის/index.html]
[tl-centre.ge/tl-centre/Courses/ინგლისურის-შესწავლა-ონლაინ/index.html]
[tl-centre.ge/tl-centre/Courses/ინგლისური-აბიტურიენტებისათვის/index.html]
[tl-centre.ge/css/headerf6bf.css]
[tl-centre.ge/tl-centre/Courses/IELTS-sagamocdo-cursi/index.html]
[tl-centre.ge/css/geof6bf.css]
[tl-centre.ge/css/screenf6bf.css]
[tl-centre.ge/css/Coursesf6bf.css]
[tl-centre.ge/Courses/IELTS-sagamocdo-cursi/index.html]
[tl-centre.ge/img/logof6bf.png]
[tl-centre.ge/css/header9963.css]
[tl-centre.ge/tl-centre/Courses/momzadeba-FCE-gamocdistvis/index.html]
[tl-centre.ge/css/geo9963.css]
[tl-centre.ge/css/screen9963.css]
[tl-centre.ge/css/Courses9963.css]
[tl-centre.ge/img/logo9963.png]
[tl-centre.ge/Courses/momzadeba-FCE-gamocdistvis/index.html]
[tl-centre.ge/css/News9963.css]
[tl-centre.ge/News/index.html]
[tl-centre.ge/css/about9963.css]
[tl-centre.ge/about/index.html]
[tl-centre.ge/css/header8a58.css]
[tl-centre.ge/css/geo8a58.css]
[tl-centre.ge/css/screen8a58.css]
[tl-centre.ge/css/contacts.css]
[tl-centre.ge/img/logo8a58.png]
[tl-centre.ge/contacts/index.html]
[tl-centre.ge/css/Dictionary8a58.css]
[tl-centre.ge/Dictionary/index.html]
[tl-centre.ge/Error_words/index.html]
[ajax.googleapis.com/ajax/libs/jquery/3.6.0/jquery.min.js]
[tl-centre.ge/Dictionary/img/Effects.mp3]
[tl-centre.ge/Dictionary/img/correct.mp3]
[tl-centre.ge/test/index.html]
[tl-centre.ge/test/Answer5445.html]
[tl-centre.ge/css/header6e50.css]
[tl-centre.ge/css/geo6e50.css]
[tl-centre.ge/css/screen6e50.css]
[tl-centre.ge/css/all-Courses6e50.css]
[tl-centre.ge/img/logo6e50.png]
[tl-centre.ge/all-Courses/index.html]
[tl-centre.ge/img/wave-sec-3.svg]
[tl-centre.ge/img/dot-grid-sec-2.svg]
[tl-centre.ge/css/headere875.css]
[tl-centre.ge/tl-centre/news-info/inglisuri-enis-kursebi/index.html]
[tl-centre.ge/css/geoe875.css]
[tl-centre.ge/css/screene875.css]
[use.fontawesome.com/releases/v5.2.0/css/all.css]
[tl-centre.ge/css/news-infoe875.css]
[tl-centre.ge/img/logoe875.png]
[tl-centre.ge/news-info/inglisuri-enis-kursebi/index.html]
[tl-centre.ge/news-info/სწავლა-საზღვარგარეთ/index.html]
[tl-centre.ge/tl-centre/news-info/სწავლა-საზღვარგარეთ/index.html]
[tl-centre.ge/css/header0b08.css]
[tl-centre.ge/tl-centre/news-info/ინგლისური-ენის-ცენტრი/index.html]
[tl-centre.ge/css/geo0b08.css]
[tl-centre.ge/css/screen0b08.css]
[tl-centre.ge/css/news-info0b08.css]
[tl-centre.ge/img/logo0b08.png]
[tl-centre.ge/news-info/ინგლისური-ენის-ცენტრი/index.html]
[tl-centre.ge/chrome-extension_/index.html]
[tl-centre.ge/restserver.php]
[tl-centre.ge/^([^_/indexd41d.html]
[tl-centre.ge/GET]
[connect.facebook.net/en_US/sdk/xfbml.customerchat.js]
[counter.top.ge/counter.js]
[tl-centre.ge/ABCDEFGHIJKLMNOPQRSTUVWXYZabcdefghijklmnopqrstuvwxyz0123456789+/index.html]
[tl-centre.ge/dialog/index.html]
[tl-centre.ge/img/icons/spinner-tide.html]
[tl-centre.ge/fonts/markgeoregular.html]
[tl-centre.ge/c.html]
[tl-centre.ge/b.html]
[tl-centre.ge/POST.html]
[tl-centre.ge/tl-centre/Courses/გერმანული-ენა-ზრდასრულთათვის/index.html]
[tl-centre.ge/css/header84cf.css]
[tl-centre.ge/css/geo84cf.css]
[tl-centre.ge/css/screen84cf.css]
[tl-centre.ge/css/Courses84cf.css]
[connect.facebook.net/ka_GE/sdk.html]
[tl-centre.ge/tl-centre/Courses/გერმანული-ენის-კურსები-სკოლის-მოსწავლეებისათვის/index.html]
[tl-centre.ge/css/header4236.css]
[tl-centre.ge/css/geo4236.css]
[tl-centre.ge/css/screen4236.css]
[tl-centre.ge/css/Courses4236.css]
[tl-centre.ge/tl-centre/Courses/ინგლისურის-შესწავლა-ონლაინ/index.html]
[tl-centre.ge/tl-centre/Courses/ინგლისური-აბიტურიენტებისათვის/index.html]
[tl-centre.ge/tl-centre/Courses/IELTS-sagamocdo-cursi/index.html]
[tl-centre.ge/css/headerf6bf.css]
[tl-centre.ge/css/geof6bf.css]
[tl-centre.ge/css/screenf6bf.css]
[tl-centre.ge/css/Coursesf6bf.css]
[tl-centre.ge/tl-centre/Courses/momzadeba-FCE-gamocdistvis/index.html]
[tl-centre.ge/css/header9963.css]
[tl-centre.ge/css/geo9963.css]
[tl-centre.ge/css/screen9963.css]
[tl-centre.ge/css/Courses9963.css]
[tl-centre.ge/css/News9963.css]
[tl-centre.ge/css/about9963.css]
[tl-centre.ge/css/header8a58.css]
[tl-centre.ge/css/geo8a58.css]
[tl-centre.ge/css/screen8a58.css]
[tl-centre.ge/LiveChatEvent/index.html]
[tl-centre.ge/rsrc.php/index.html]
[tl-centre.ge/img/background.6e.delayed]
[tl-centre.ge/css/contacts.css]
[tl-centre.ge/Dictionary/img/bg_image.jpg]
[tl-centre.ge/Dictionary/img/namber_pr.jpg]
[tl-centre.ge/css/Dictionary8a58.css]
[tl-centre.ge/css/Dictionary4e44.css]
[tl-centre.ge/css/geo4e44.css]
[tl-centre.ge/Dictionary/index.html]
[tl-centre.ge/Error_words/index.html]
[tl-centre.ge/test/sms.html]
[tl-centre.ge/css/Dictionaryedeb.css]
[tl-centre.ge/Error_test/index.html]
[tl-centre.ge/css/geoedeb.css]
[tl-centre.ge/test/Answer5445.html]
[tl-centre.ge/css/header6e50.css]
[tl-centre.ge/css/geo6e50.css]
[tl-centre.ge/css/screen6e50.css]
[tl-centre.ge/css/all-Courses6e50.css]
[tl-centre.ge/tl-centre/news-info/inglisuri-enis-kursebi/index.html]
[tl-centre.ge/css/headere875.css]
[tl-centre.ge/css/geoe875.css]
[tl-centre.ge/css/screene875.css]
[use.fontawesome.com/releases/v5.2.0/css/all.css]
[tl-centre.ge/icon/2705.png]
[tl-centre.ge/icon/27051.png]
[tl-centre.ge/css/news-infoe875.css]
[tl-centre.ge/tl-centre/news-info/სწავლა-საზღვარგარეთ/index.html]
[tl-centre.ge/tl-centre/news-info/ინგლისური-ენის-ცენტრი/index.html]
[tl-centre.ge/css/header0b08.css]
[tl-centre.ge/css/geo0b08.css]
[tl-centre.ge/css/screen0b08.css]
[tl-centre.ge/css/news-info0b08.css]
[tl-centre.ge/chrome-extension_/index.html]
[tl-centre.ge/^([^_/indexd41d.html]
[tl-centre.ge/restserver.html]
[tl-centre.ge/ABCDEFGHIJKLMNOPQRSTUVWXYZabcdefghijklmnopqrstuvwxyz0123456789+/index.html]
[tl-centre.ge/GET.html]
[tl-centre.ge/dialog/index.html]
[tl-centre.ge/LiveChatEvent/index.html]
[tl-centre.ge/rsrc.php/index.html]
[tl-centre.ge/img/background.html]
[tl-centre.ge/css/Dictionary4e44.css]
[tl-centre.ge/css/geo4e44.css]
[tl-centre.ge/Dictionary/sms.html]
[tl-centre.ge/css/Dictionary472e.css]
[tl-centre.ge/css/geo472e.css]
[tl-centre.ge/Error_test/index.html]
[tl-centre.ge/sms/index.html]
[tl-centre.ge/css/Dictionaryedeb.css]
[tl-centre.ge/css/geoedeb.css]
[tl-centre.ge/icon/2705.html]
[tl-centre.ge/icon/27051.html]
[tl-centre.ge/css/Dictionary472e.css]
[tl-centre.ge/css/geo472e.css]
